// Jest Snapshot v1, https://goo.gl/fbAQLP

exports[`BaseButton it should render 1`] = `
.c0 {
  display: -webkit-inline-box;
  display: -webkit-inline-flex;
  display: -ms-inline-flexbox;
  display: inline-flex;
  overflow: hidden;
  padding: 8px 16px;
  margin: 2px;
  cursor: pointer;
  -webkit-user-select: none;
  -moz-user-select: none;
  -ms-user-select: none;
  user-select: none;
  -webkit-transition: all 150ms linear;
  transition: all 150ms linear;
  text-align: center;
  white-space: nowrap;
  -webkit-text-decoration: none;
  text-decoration: none;
  text-transform: capitalize;
  background: none;
  border: 0 none;
  border-radius: 2px;
  font-size: 14px;
  line-height: 1.3;
  -webkit-appearance: none;
  -moz-appearance: none;
  -webkit-appearance: none;
  -moz-appearance: none;
  appearance: none;
  -webkit-box-pack: center;
  -webkit-justify-content: center;
  -ms-flex-pack: center;
  justify-content: center;
  vertical-align: middle;
  -webkit-align-items: center;
  -webkit-box-align: center;
  -ms-flex-align: center;
  align-items: center;
}

.c0:hover {
  -webkit-transition: all 150ms linear;
  transition: all 150ms linear;
  opacity: .85;
}

.c0:active {
  -webkit-transition: all 150ms linear;
  transition: all 150ms linear;
  opacity: .75;
}

.c0:focus {
  outline: none;
}

.c0:disabled {
  cursor: not-allowed;
  opacity: .50;
}

.c0:disabled:hover {
  opacity: .50;
}

<button
  className="c0"
/>
`;
