// Jest Snapshot v1, https://goo.gl/fbAQLP

exports[`Card it should render 1`] = `
.c0 {
  position: relative;
  padding: 12px;
  box-shadow: rgba(0,0,0,0.12) 1px 1px 1px 2px;
  border-radius: 6px;
  margin: 8px;
}

.c0 > div {
  padding-bottom: 12px;
}

.c0 > div:last-child {
  padding-bottom: 0;
}

<div
  className="c0"
/>
`;
